Unity Editor version:    6000.6.3f1 (45d8eee7de74)
Branch:                  6000.6/staging
Build type:              Release
Batch mode:              YES
macOS version:           Version 15.8.1 (Build 24H32)
Darwin version:          24.6.0
Architecture:            x86_64
Running under Rosetta:   NO
Available memory:        8192 MB
Date:                    2026-10-09T22:02:32Z
[WARNING] The Intel macOS Editor is deprecated; it will no longer be available after Unity 6.7 LTS.

[Licensing::Module] Trying to connect to existing licensing client channel...
[Licensing::IpcConnector] Successfully connected to: "LicenseClient-gilbertcervantes" at "2026-10-09T22:02:32.731789Z"

COMMAND LINE ARGUMENTS:
/Applications/Unity/Hub/Editor/6000.6.3f1/Unity.app/Contents/MacOS/Unity
-adb2
-batchMode
-noUpm
-name
AssetImportWorkerHW0
-projectPath
/Users/gilbertcervantes/Documents/GitHub/Project1_Collector/CollectorGame
-logFile
Logs/AssetImportWorkerHW0.log
-srvPort
49291
-parentPid
1196
-analyticsCloudUserId
anonymous
-analyticsCloudProjectId
4b00e90f-0fc9-4849-a362-fbef46ced1c5
-analyticsLocalProjectId
b9fc4ac3f939d4094a7e2454d6de65d6
-editorAnalyticsEnabled
1
-cbmEditorLicense
57a8c7113bbdd24edbedf20944627af0e6facd43
-cbmMachineId
0qMBZoWFnnbp6MupnO96VcMRDv8=
-licensingIpc
LicenseClient-gilbertcervantes
-noDiagnosticSwitchPersistentStore
-job-worker-count
3
-background-job-worker-count
8
-asset-garbage-collectors
1
-force-metal
-name AssetImport
Successfully changed project path to: /Users/gilbertcervantes/Documents/GitHub/Project1_Collector/CollectorGame
/Users/gilbertcervantes/Documents/GitHub/Project1_Collector/CollectorGame
[UnityMemory] Configuration Parameters - Can be set up in boot.config
    "memorysetup-temp-allocator-size-gi-baking-worker=262144"
    "memorysetup-temp-allocator-size-gi-baking-worker=262144"
    "memorysetup-temp-allocator-size-gi-baking-worker=262144"
    "memorysetup-temp-allocator-size-gi-baking-worker=262144"
    "memorysetup-temp-allocator-size-gi-baking-worker=262144"
    "memorysetup-temp-allocator-size-nav-mesh-worker=65536"
    "memorysetup-temp-allocator-size-audio-worker=65536"
    "memorysetup-temp-allocator-size-cloud-worker=32768"
    "memorysetup-temp-allocator-size-preload-manager=33554432"
    "memorysetup-remapper-allocator-initial-capacity=32768"
    "memorysetup-temp-allocator-size-gfx=262144"
    "memorysetup-allocator-temp-initial-block-size-main=262144"
    "memorysetup-allocator-temp-initial-block-size-worker=262144"
    "memorysetup-temp-allocator-size-background-worker=32768"
    "memorysetup-temp-allocator-size-job-worker=262144"
    "memorysetup-bucket-allocator-granularity=16"
    "memorysetup-bucket-allocator-bucket-count=8"
    "memorysetup-bucket-allocator-block-size=33554432"
    "memorysetup-bucket-allocator-block-count=8"
    "memorysetup-main-allocator-block-size=16777216"
    "memorysetup-thread-allocator-block-size=16777216"
    "memorysetup-main-allocator-mimalloc-enabled=1"
    "memorysetup-gfx-main-allocator-block-size=16777216"
    "memorysetup-gfx-thread-allocator-block-size=16777216"
    "memorysetup-cache-allocator-block-size=4194304"
    "memorysetup-typetree-allocator-block-size=2097152"
    "memorysetup-profiler-bucket-allocator-granularity=16"
    "memorysetup-profiler-bucket-allocator-bucket-count=8"
    "memorysetup-profiler-bucket-allocator-block-size=33554432"
    "memorysetup-profiler-bucket-allocator-block-count=8"
    "memorysetup-profiler-allocator-block-size=16777216"
    "memorysetup-profiler-editor-allocator-block-size=1048576"
    "memorysetup-temp-allocator-size-main=16777216"
    "memorysetup-job-temp-allocator-block-size=2097152"
    "memorysetup-job-temp-allocator-block-size-background=1048576"
    "memorysetup-job-temp-allocator-reduction-small-platforms=262144"
Player connection [140704500535744]  Target information:

Player connection [140704500535744]  * "[IP] 192.168.1.103 [Port] 0 [Flags] 2 [Guid] 3597050532 [EditorId] 3597050532 [Version] 1048832 [Id] OSXEditor(0,MacBookPro.lan) [Debug] 1 [PackageName] OSXEditor [ProjectName] Editor" 

Player connection [140704500535744] Host joined multi-casting on [225.0.0.222:54997]...
Player connection [140704500535744] Host joined alternative multi-casting on [225.0.0.222:34997]...
JobSystem: Creating JobQueue using job-worker-count value 3
Input System module state changed to: Initialized.
[Physics::Module] Initialized fallback backend.
[Physics::Module] Id: 0xdecafbad
Initialising UDS system complete:
  - System type: Client
  - Resource namespace: 22dea09bd32586b5fd43de95fbd904f5
  - Shared memory size: 1073741824
  - Command buffer id: 1052672
  - Command buffer size: 8192
  - Hashmap size: 4194304
  - Service connected: true
  - Service working directory: Library/DataStore/
Library Redirect Path: Library/
Refreshing native plugins compatible for Editor in 19.75 ms, found 3 plugins.
[Physics::Module] Selected backend (deferred post-plugins).
[Physics::Module] Name: PhysX
[Physics::Module] Id: 0xf2b8ea05
[Physics::Module] SDK Version: 4.1.2
[Physics::Module] Integration Version: 1.0.0
[Physics::Module] Threading Mode: Multi-Threaded
Initialize engine version: 6000.6.3f1 (45d8eee7de74)
[EntityIdStore] init: VM path (explicit commit), pageSize=4096, blockCount=1048576, entitiesPerBlock=256, slots reserved=4294967296 bytes
[Subsystems] Discovering subsystems at path /Applications/Unity/Hub/Editor/6000.6.3f1/Unity.app/Contents/Resources/UnitySubsystems
[Subsystems] Discovering subsystems at path /Users/gilbertcervantes/Documents/GitHub/Project1_Collector/CollectorGame/Assets
Forcing GfxDevice: Metal
GfxDevice: creating device client; kGfxThreadingModeNonThreaded
Color LCD preferred device: Intel(R) Iris(TM) Plus Graphics 645 (low power)
Metal devices available: 1
0: Intel(R) Iris(TM) Plus Graphics 645 (low power)
Using device Intel(R) Iris(TM) Plus Graphics 645 (low power)
Initializing Metal device caps: Intel(R) Iris(TM) Plus Graphics 645
Mac GPU Family: 2
Apple GPU Family: 0
MSL Version: 3.0
Has Float MSAA: 1
Has Float Filtering: 1
ReadWrite Texture Tier: 1
Initialize mono
Mono path[0] = '/Applications/Unity/Hub/Editor/6000.6.3f1/Unity.app/Contents/Resources/Scripting/Managed'
Mono path[1] = '/Applications/Unity/Hub/Editor/6000.6.3f1/Unity.app/Contents/Resources/Scripting/BCLExtensions/runtime/netstandard2.1'
Mono path[2] = '/Applications/Unity/Hub/Editor/6000.6.3f1/Unity.app/Contents/Resources/Scripting/MonoBleedingEdge/lib/mono/unityjit-macos'
Mono config path = '/Applications/Unity/Hub/Editor/6000.6.3f1/Unity.app/Contents/Resources/Scripting/MonoBleedingEdge/etc'
Using monoOptions --debugger-agent=transport=dt_socket,embedding=1,server=y,suspend=n,address=127.0.0.1:56237
CodeReloadManager initialized
Begin MonoManager ReloadAssembly
Registering precompiled unity dll's ...
Register platform support module: /Applications/Unity/Hub/Editor/6000.6.3f1/PlaybackEngines/WebGLSupport/UnityEditor.WebGL.Extensions.dll
Register platform support module: /Applications/Unity/Hub/Editor/6000.6.3f1/PlaybackEngines/MacStandaloneSupport/UnityEditor.OSXStandalone.Extensions.dll
Registered in 0.001411 seconds.
[Licensing::Client] Handshaking with LicensingClient:
  Version:                 1.18.3+d7ffd15
  Session Id:              fd801b5203fc42de9c3cd9abdd3bfedf
  Correlation Id:          588af22378edcd2514b9dbabc3563ea6
  External correlation Id: 1883045510917168772
  Machine Id:              0qMBZoWFnnbp6MupnO96VcMRDv8=
[Licensing::Module] Successfully connected to LicensingClient on channel: "LicenseClient-gilbertcervantes" (connect: 0.00s, validation: 0.01s, handshake: 2.31s)
[Licensing::IpcConnector] Successfully connected to: "LicenseClient-gilbertcervantes-notifications" at "2026-10-09T22:02:35.045156Z"
[Licensing::Module] Licensing Background thread has ended after 2.31s
Native extension for OSXStandalone target not found
Native extension for WebGL target not found
Package Manager log level set to [2]
[Package Manager] Failed to launch server process. Reason: Unity was launched with the -noUpm command-line argument
[Package Manager] Unable to send message (not connected to server process).
[Package Manager] Cannot connect to Unity Package Manager local server
ScheduleIndexationOnStartup MainProcess:False IndexOnStartup:True
Scripting: successfully reloaded assembly
- Finished resetting the current domain, in  1.736 seconds
Domain Reload Profiling: 3399ms
	BeginReloadAssembly (370ms)
	RebuildCommonClasses (14ms)
	RebuildNativeTypeToScriptingClass (64ms)
	initialDomainReloadingComplete (179ms)
	LoadAllAssembliesAndSetupDomain (1034ms)
		LoadAssemblies (372ms)
		TypeCache.Refresh (776ms)
			TypeCache.ScanAssembly (739ms)
		AnalyzeDomain (1ms)
	FinalizeReload (1738ms)
		SetupLoadedEditorAssemblies (0ms)
			LogAssemblyErrors (4ms)
			InitializePlatformSupportModulesInManaged (6ms)
			BeforeProcessingInitializeOnLoad (270ms)
			ProcessInitializeOnLoadAttributes (244ms)
			ProcessInitializeOnLoadMethodAttributes (926ms)
Initializing Unity extensions:
[Licensing::Client] Successfully resolved entitlement details
[Licensing::Module] License group:
  Id: 20066363781542-UnityPersXXXX
  Product: Unity Personal
  Type: Assigned
  Expiration: Unlimited
[CoreBusinessMetrics] Unexpected thread when updating session info.
[CoreBusinessMetrics] Unexpected thread when updating session info.
========================================================================
Worker process is ready to serve import requests
Import Worker Mode flag is 0x00
Begin MonoManager ReloadAssembly
Native extension for OSXStandalone target not found
Native extension for WebGL target not found
[Package Manager] Failed to launch server process. Reason: Unity was launched with the -noUpm command-line argument
[Package Manager] Unable to send message (not connected to server process).
[Package Manager] Cannot connect to Unity Package Manager local server
[Package Manager] Failed to launch server process. Reason: Unity was launched with the -noUpm command-line argument
[Package Manager] Unable to send message (not connected to server process).
[Package Manager] Cannot connect to Unity Package Manager local server
ScheduleIndexationOnStartup MainProcess:False IndexOnStartup:True
Scripting: successfully reloaded assembly
- Finished resetting the current domain, in  1.722 seconds
Domain Reload Profiling: 4780ms
	BeginReloadAssembly (715ms)
		DisableScriptedObjects (22ms)
		CreateAndSetChildDomain (156ms)
	RebuildCommonClasses (26ms)
	RebuildNativeTypeToScriptingClass (57ms)
	initialDomainReloadingComplete (160ms)
	LoadAllAssembliesAndSetupDomain (2097ms)
		LoadAssemblies (1026ms)
		TypeCache.Refresh (652ms)
			TypeCache.ScanAssembly (557ms)
		AnalyzeDomain (172ms)
			BuildScriptInfoCaches (158ms)
			ResolveRequiredComponents (9ms)
	FinalizeReload (1725ms)
		SetupLoadedEditorAssemblies (0ms)
			LogAssemblyErrors (5ms)
			InitializePlatformSupportModulesInManaged (6ms)
			BeforeProcessingInitializeOnLoad (353ms)
			ProcessInitializeOnLoadAttributes (693ms)
			ProcessInitializeOnLoadMethodAttributes (175ms)
			AfterProcessingInitializeOnLoad (3ms)
			EditorAssembliesLoaded (3ms)
		AwakeInstancesAfterBackupRestoration (21ms)
AcceleratorClientConnectionCallback - disconnected - :0
Launching external process: /Applications/Unity/Hub/Editor/6000.6.3f1/Unity.app/Contents/Helpers/UnityShaderCompiler
Launched and connected shader compiler UnityShaderCompiler after 0.03 seconds
Refreshing native plugins compatible for Editor in 8.50 ms, found 3 plugins.
Unloading 0 Unused Serialized files (Serialized files now loaded: 0)
Unloading 5208 unused Assets / (1.6 MB). Loaded Objects now: 5905.
Memory consumption went from 137.6 MB to 136.0 MB.
Total: 21.863096 ms (FindLiveObjects: 0.926359 ms CreateObjectMapping: 0.838161 ms MarkObjects: 18.306834 ms  DeleteObjects: 1.544370 ms)

========================================================================
Received Prepare
AcceleratorClientConnectionCallback - disconnected - :0
Unloading 0 Unused Serialized files (Serialized files now loaded: 0)
Unloading 0 unused Assets / (0 B). Loaded Objects now: 5905.
Memory consumption went from 132.6 MB to 132.6 MB.
Total: 10.660003 ms (FindLiveObjects: 0.476721 ms CreateObjectMapping: 0.197634 ms MarkObjects: 9.797017 ms  DeleteObjects: 0.011808 ms)

Prepare: number of updated asset objects reloaded= 0
========================================================================
Received Import Request.
  Time of request: 2026-10-09T22:10:36.60164Z
  Time since last request: 2752.30307679999987 seconds.
  importAddress: GUID: 2cda990e2423bbf4892e6590ba056729 - Path: Assets/Scenes/SampleScene.unity - Importer: PreviewImporter
Importing 'GUID: 2cda990e2423bbf4892e6590ba056729 - Path: Assets/Scenes/SampleScene.unity - Importer: PreviewImporter' with importer (PreviewImporter)
Imported 'GUID: 2cda990e2423bbf4892e6590ba056729' -> (Import Result ID: 'ca4aa24ae1a503ec4cf288dcbf51a825') in 0.024 seconds [static and dynamic dependencies]. Details - ImportResultOutputID=8a4e5dc698d40586a4f237ec829d43e9 DependenciesID=3f942b86412fd7a36686b3f5e44ef407 StaticDependenciesID=e75a5d45eda919cddc953e1366bdc97e 
Number of updated asset objects reloaded before import = 0
Number of asset objects unloaded after import = 0
========================================================================
Received Import Request.
  Time of request: 2026-10-09T22:11:37.956419Z
  Time since last request: 61.285884841 seconds.
  importAddress: GUID: 85cc0a9886155432db059e7759a9bac3 - Path: Assets/Scenes - Importer: PreviewImporter
Importing 'GUID: 85cc0a9886155432db059e7759a9bac3 - Path: Assets/Scenes - Importer: PreviewImporter' with importer (PreviewImporter)
Imported 'GUID: 85cc0a9886155432db059e7759a9bac3' -> (Import Result ID: 'bf795fe7b898e004400039b651faedb1') in 0.010 seconds [static and dynamic dependencies]. Details - ImportResultOutputID=3a0ac182476c7014e03eb04b046d2a44 DependenciesID=c7382acc1e381f56dc33eed75d53232e StaticDependenciesID=d1759128d35df2113d61c8464121cb77 
Number of updated asset objects reloaded before import = 0
Number of asset objects unloaded after import = 0
Editor requested this worker to shutdown with reason: Editor is closing down
AcceleratorClientConnectionCallback - disconnected - :0
AssetImportWorker is now disconnected from the server
Process exiting
[ExitDontLaunchBugReporter] Exiting without the bug reporter. Application will exit with return code 0
